#Avg |Bx| across y-z plane in magnetotail
#FORMAT:
YEAR    DAY    HOUR    MIN    x:-12.00    -11.00      -10.00       -9.00       -8.00       -7.00       -6.00       -5.00       -4.00       -3.00       -2.00       -1.00      
2015      173        12       30               45.           49.           54.           61.           69.           81.           98.          124.          165.          239.          392.  
2015      173        12       35               45.           49.           54.           61.           69.           81.           98.          124.          165.          239.          393.  
2015      173        12       40               44.           48.           53.           60.           68.           80.           98.          123.          165.          239.          393.  
2015      173        12       45               44.           48.           53.           60.           69.           81.           98.          124.          165.          240.          394.  
2015      173        12       50               45.           49.           54.           61.           70.           81.           99.          124.          166.          240.          394.  
2015      173        12       55               45.           49.           55.           61.           70.           82.          100.          125.          167.          242.          398.  
2015      173        13        0               44.           49.           54.           61.           70.           82.           99.          125.          167.          242.          397.  
2015      173        13        5               45.           49.           54.           61.           70.           82.           99.          125.          166.          240.          394.  
2015      173        13       10               45.           49.           54.           61.           70.           82.          100.          125.          166.          239.          393.  
2015      173        13       15               45.           49.           54.           61.           70.           82.          100.          125.          167.          241.          396.  
2015      173        13       20               45.           49.           55.           62.           71.           83.          100.          125.          166.          239.          392.  
2015      173        13       25               45.           49.           54.           61.           70.           82.           99.          125.          166.          240.          395.  
2015      173        13       30               44.           48.           54.           61.           69.           82.           99.          124.          166.          240.          396.  
2015      173        13       35               42.           46.           51.           58.           67.           79.           96.          121.          162.          236.          389.  
2015      173        13       40               42.           46.           51.           58.           67.           79.           96.          122.          163.          237.          392.  
2015      173        13       45               41.           45.           51.           58.           67.           79.           96.          122.          163.          237.          392.  
2015      173        13       50               41.           45.           50.           57.           66.           78.           95.          121.          163.          237.          392.  
2015      173        13       55               41.           45.           50.           57.           66.           78.           96.          121.          163.          237.          392.  
2015      173        14        0               45.           49.           54.           61.           70.           82.           99.          125.          167.          242.          399.  
2015      173        14        5               46.           50.           55.           62.           71.           83.          101.          127.          169.          244.          400.  
2015      173        14       10               45.           50.           55.           62.           72.           84.          101.          127.          169.          244.          400.  
2015      173        14       15               48.           52.           58.           66.           75.           87.          105.          131.          172.          247.          403.  
2015      173        14       20               49.           54.           60.           67.           77.           89.          107.          132.          174.          248.          404.  
2015      173        14       25               49.           54.           60.           68.           77.           90.          107.          133.          174.          249.          405.  
2015      173        14       30               50.           55.           62.           69.           79.           92.          109.          135.          176.          249.          404.  
2015      173        14       35               49.           54.           60.           68.           78.           90.          108.          134.          175.          248.          403.  
2015      173        14       40               50.           55.           61.           69.           78.           91.          109.          135.          175.          248.          402.  
2015      173        14       45               49.           54.           60.           68.           77.           90.          108.          133.          174.          247.          401.  
2015      173        14       50               48.           53.           59.           66.           76.           89.          106.          132.          173.          246.          400.  
2015      173        14       55               46.           51.           57.           64.           74.           86.          104.          130.          172.          246.          401.  
2015      173        15        0               46.           51.           57.           64.           74.           86.          104.          131.          172.          247.          402.  
2015      173        15        5               46.           51.           57.           64.           74.           87.          105.          131.          172.          247.          403.  
2015      173        15       10               47.           52.           58.           66.           75.           88.          106.          132.          173.          248.          404.  
2015      173        15       15               49.           54.           60.           68.           77.           90.          108.          134.          176.          250.          407.  
2015      173        15       20               50.           54.           61.           69.           78.           91.          109.          135.          176.          251.          406.  
2015      173        15       25               51.           56.           62.           70.           80.           93.          111.          137.          178.          252.          408.  
2015      173        15       30               48.           54.           60.           68.           78.           91.          109.          135.          176.          250.          404.  
2015      173        15       35               49.           55.           61.           69.           79.           92.          110.          136.          177.          251.          406.  
2015      173        15       40               49.           54.           61.           69.           79.           92.          110.          136.          177.          251.          405.  
2015      173        15       45               49.           54.           61.           69.           79.           92.          110.          136.          177.          251.          405.  
2015      173        15       50               50.           55.           62.           69.           79.           93.          111.          137.          178.          252.          406.  
2015      173        15       55               50.           55.           61.           69.           79.           92.          111.          137.          178.          251.          406.  
2015      173        16        0               50.           55.           61.           69.           79.           92.          110.          136.          177.          251.          404.  
2015      173        16        5               50.           55.           61.           69.           79.           92.          110.          136.          177.          250.          402.  
2015      173        16       10               50.           55.           61.           69.           79.           92.          110.          136.          177.          250.          402.  
2015      173        16       15               50.           55.           61.           69.           78.           91.          109.          136.          176.          248.          400.  
2015      173        16       20               49.           54.           60.           68.           77.           90.          108.          134.          175.          247.          398.  
2015      173        16       25               48.           52.           59.           66.           76.           89.          107.          133.          173.          245.          395.  
2015      173        16       30               47.           51.           57.           65.           74.           87.          105.          131.          172.          243.          393.  
2015      173        16       35               46.           50.           56.           64.           73.           86.          104.          130.          171.          242.          391.  
2015      173        16       40               46.           50.           56.           64.           73.           85.          103.          130.          171.          242.          392.  
2015      173        16       45               45.           50.           56.           63.           72.           85.          103.          129.          170.          242.          392.  
2015      173        16       50               45.           49.           55.           62.           71.           84.          102.          128.          169.          241.          390.  
2015      173        16       55               44.           48.           54.           61.           70.           83.          100.          127.          167.          239.          388.  
2015      173        17        0               45.           49.           55.           62.           71.           84.          101.          127.          168.          239.          388.  
2015      173        17        5               44.           48.           54.           61.           70.           82.          100.          126.          167.          239.          388.  
2015      173        17       10               44.           48.           53.           60.           69.           82.           99.          125.          166.          238.          388.  
2015      173        17       15               45.           49.           54.           61.           70.           82.          100.          126.          167.          239.          390.  
2015      173        17       20               46.           50.           55.           62.           71.           83.          101.          127.          168.          241.          392.  
2015      173        17       25               45.           49.           55.           62.           71.           83.          101.          127.          169.          243.          395.  
2015      173        17       30               46.           51.           56.           63.           72.           84.          102.          128.          170.          244.          398.  
2015      173        17       35               46.           51.           56.           63.           72.           85.          102.          128.          170.          243.          396.  
2015      173        17       40               47.           52.           58.           65.           74.           86.          104.          129.          170.          244.          396.  
2015      173        17       45               48.           53.           58.           66.           75.           87.          104.          130.          171.          245.          398.  
2015      173        17       50               49.           53.           59.           67.           76.           88.          106.          131.          172.          246.          400.  
2015      173        17       55               46.           51.           57.           64.           73.           86.          103.          128.          169.          242.          393.  
2015      173        18        0               47.           51.           57.           64.           74.           86.          103.          128.          168.          240.          391.  
2015      173        18        5               45.           49.           55.           62.           71.           84.          101.          126.          166.          239.          389.  
2015      173        18       10               45.           50.           55.           63.           71.           83.          100.          126.          166.          239.          389.  
2015      173        18       15               44.           48.           54.           61.           70.           82.           99.          124.          165.          237.          387.  
2015      173        18       20               43.           48.           53.           60.           69.           81.           98.          123.          164.          237.          386.  
2015      173        18       25               41.           45.           51.           57.           66.           77.           94.          119.          160.          232.          383.  
2015      173        18       30               40.           44.           49.           55.           63.           75.           91.          116.          157.          230.          381.  
2015      173        18       35               47.           51.           55.           62.           70.           81.           97.          121.          162.          235.          387.  
2015      173        18       40               69.           73.           77.           83.           91.          102.          117.          140.          180.          253.          406.  
2015      173        18       45               66.           70.           75.           82.           90.          101.          116.          139.          178.          251.          403.  
2015      173        18       50              101.          105.          111.          117.          124.          134.          148.          169.          206.          276.          428.  
2015      173        18       55              111.          116.          122.          128.          136.          147.          161.          182.          217.          285.          435.  
2015      173        19        0              116.          123.          129.          136.          144.          155.          169.          190.          223.          289.          436.  
2015      173        19        5              115.          122.          130.          138.          146.          158.          173.          194.          227.          292.          436.  
2015      173        19       10              115.          123.          131.          140.          150.          163.          179.          201.          234.          299.          444.  
2015      173        19       15              111.          119.          128.          139.          150.          163.          180.          202.          235.          299.          443.  
2015      173        19       20              110.          119.          129.          140.          152.          166.          183.          205.          237.          299.          441.  
2015      173        19       25              118.          127.          138.          148.          160.          174.          192.          214.          245.          306.          446.  
2015      173        19       30              119.          129.          139.          151.          163.          177.          195.          217.          248.          308.          447.  
2015      173        19       35              119.          129.          141.          152.          165.          180.          199.          221.          252.          311.          449.  
2015      173        19       40              123.          134.          145.          157.          169.          184.          203.          225.          255.          313.          449.  
2015      173        19       45              131.          141.          152.          163.          174.          189.          208.          230.          260.          318.          453.  
2015      173        19       50              126.          136.          147.          158.          170.          185.          204.          227.          259.          317.          453.  
2015      173        19       55              119.          128.          139.          149.          161.          177.          196.          220.          253.          311.          445.  
2015      173        20        0              115.          124.          134.          144.          157.          173.          193.          218.          251.          311.          445.  
2015      173        20        5              106.          115.          125.          135.          148.          164.          185.          211.          245.          304.          437.  
2015      173        20       10              109.          118.          127.          137.          149.          166.          186.          212.          247.          307.          439.  
2015      173        20       15              104.          113.          122.          132.          144.          161.          182.          208.          243.          303.          435.  
2015      173        20       20              102.          111.          120.          130.          142.          159.          180.          206.          242.          302.          433.  
2015      173        20       25              105.          113.          122.          131.          143.          159.          180.          207.          242.          302.          433.  
2015      173        20       30              101.          108.          117.          126.          138.          154.          175.          201.          237.          298.          431.  
2015      173        20       35               98.          105.          113.          123.          134.          150.          170.          197.          233.          294.          427.  
2015      173        20       40               90.           98.          106.          115.          126.          142.          163.          189.          226.          288.          421.  
2015      173        20       45               85.           92.          100.          109.          120.          136.          157.          183.          221.          283.          417.  
2015      173        20       50               90.           97.          104.          113.          124.          140.          160.          187.          224.          287.          423.  
2015      173        20       55               96.          103.          111.          120.          131.          146.          166.          193.          229.          293.          429.  
2015      173        21        0               94.          101.          109.          118.          130.          145.          165.          191.          228.          291.          427.  
2015      173        21        5               93.          100.          109.          118.          130.          146.          166.          192.          229.          293.          430.  
2015      173        21       10               95.          103.          111.          121.          133.          149.          169.          195.          231.          295.          432.  
2015      173        21       15               99.          107.          116.          126.          138.          154.          174.          199.          235.          299.          436.  
2015      173        21       20               98.          106.          115.          125.          137.          152.          172.          198.          233.          296.          432.  
2015      173        21       25               95.          103.          112.          122.          134.          149.          169.          194.          230.          292.          426.  
2015      173        21       30               97.          105.          113.          123.          135.          150.          170.          195.          230.          292.          426.  
2015      173        21       35              100.          108.          116.          126.          137.          152.          172.          197.          233.          296.          430.  
2015      173        21       40               94.          101.          110.          119.          130.          146.          166.          191.          227.          289.          422.  
2015      173        21       45              100.          107.          115.          125.          136.          151.          171.          196.          233.          296.          432.  
2015      173        21       50              103.          110.          117.          126.          137.          152.          172.          197.          234.          298.          433.  
2015      173        21       55              101.          108.          116.          124.          135.          150.          170.          196.          232.          296.          430.  
2015      173        22        0              105.          112.          120.          128.          139.          154.          174.          199.          236.          299.          434.  
2015      173        22        5              103.          110.          117.          126.          137.          152.          171.          197.          233.          296.          429.  
2015      173        22       10              102.          108.          116.          124.          135.          149.          169.          194.          231.          293.          426.  
2015      173        22       15               97.          103.          111.          119.          130.          144.          164.          190.          226.          289.          422.  
2015      173        22       20               96.          102.          109.          118.          128.          143.          162.          188.          225.          288.          421.  
2015      173        22       25               99.          106.          113.          121.          132.          146.          165.          191.          227.          290.          422.  
2015      173        22       30              100.          106.          114.          122.          132.          146.          166.          191.          228.          291.          424.  
2015      173        22       35               98.          104.          111.          119.          129.          143.          163.          189.          225.          288.          420.  
2015      173        22       40               92.           98.          105.          113.          123.          137.          156.          183.          219.          282.          413.  
2015      173        22       45               94.          100.          107.          115.          125.          140.          159.          185.          222.          286.          419.  
2015      173        22       50               91.           97.          104.          112.          123.          137.          157.          183.          220.          282.          414.  
2015      173        22       55               89.           96.          103.          112.          122.          137.          157.          183.          219.          282.          413.  
2015      173        23        0               87.           94.          101.          110.          121.          136.          155.          181.          218.          280.          411.  
2015      173        23        5               90.           97.          104.          113.          124.          139.          158.          184.          220.          282.          413.  
2015      173        23       10               91.           98.          105.          114.          125.          139.          159.          185.          221.          283.          413.  
2015      173        23       15               90.           97.          104.          113.          124.          138.          158.          184.          220.          282.          412.  
2015      173        23       20               89.           95.          103.          112.          123.          137.          157.          183.          219.          281.          411.  
2015      173        23       25               86.           93.          101.          109.          120.          135.          155.          180.          217.          279.          408.  
2015      173        23       30               87.           93.          101.          109.          120.          135.          155.          180.          217.          279.          408.  
2015      173        23       35               89.           96.          103.          111.          122.          137.          156.          182.          218.          280.          410.  
2015      173        23       40               90.           96.          103.          112.          122.          137.          156.          182.          218.          280.          409.  
2015      173        23       45               87.           94.          101.          109.          120.          134.          154.          179.          216.          278.          408.  
2015      173        23       50               86.           92.           99.          107.          118.          132.          151.          177.          214.          276.          406.  
2015      173        23       55               83.           89.           95.          104.          114.          128.          147.          173.          210.          273.          403.  
2015      174         0        0               82.           88.           95.          102.          112.          126.          146.          171.          208.          271.          402.  
2015      174         0        5               84.           89.           96.          104.          114.          127.          146.          172.          209.          272.          402.  
2015      174         0       10               81.           86.           93.          101.          111.          124.          143.          169.          207.          271.          402.  
2015      174         0       15               85.           91.           97.          105.          115.          129.          147.          173.          210.          274.          406.  
2015      174         0       20               86.           92.           98.          106.          116.          130.          149.          174.          212.          276.          408.  
2015      174         0       25               83.           89.           95.          103.          113.          126.          145.          171.          208.          272.          403.  
2015      174         0       30               76.           82.           88.           96.          106.          120.          139.          165.          203.          267.          398.  
2015      174         0       35               76.           81.           88.           96.          105.          119.          138.          164.          202.          266.          397.  
2015      174         0       40               76.           82.           88.           96.          106.          120.          138.          164.          202.          266.          398.  
2015      174         0       40               76.           82.           88.           96.          106.          120.          138.          164.          202.          266.          398.  
