#Avg |Bx| across y-z plane in magnetotail
#FORMAT:
YEAR    DAY    HOUR    MIN    x:-12.00    -11.00      -10.00       -9.00       -8.00       -7.00       -6.00       -5.00       -4.00       -3.00       -2.00       -1.00      
2024      284         9       30               27.           30.           34.           39.           47.           58.           75.          101.          145.          223.          377.  
2024      284         9       35               26.           29.           33.           38.           46.           57.           74.          101.          145.          222.          377.  
2024      284         9       40               28.           31.           35.           41.           48.           59.           76.          103.          147.          224.          379.  
2024      284         9       45               28.           31.           35.           40.           48.           59.           76.          103.          147.          224.          379.  
2024      284         9       50               27.           30.           35.           40.           48.           59.           76.          102.          146.          224.          379.  
2024      284         9       55               26.           29.           33.           39.           46.           57.           74.          101.          145.          223.          378.  
2024      284        10        0               27.           30.           35.           40.           48.           59.           76.          103.          147.          225.          381.  
2024      284        10        5               28.           31.           35.           41.           49.           60.           77.          104.          148.          225.          382.  
2024      284        10       10               28.           32.           36.           42.           50.           61.           78.          105.          149.          226.          383.  
2024      284        10       15               29.           32.           36.           42.           50.           61.           78.          105.          149.          227.          384.  
2024      284        10       20               29.           32.           36.           42.           50.           61.           79.          105.          149.          227.          384.  
2024      284        10       25               30.           33.           37.           43.           51.           63.           80.          107.          151.          228.          385.  
2024      284        10       30               30.           34.           39.           45.           53.           64.           81.          108.          152.          229.          386.  
2024      284        10       35               30.           34.           38.           44.           52.           64.           81.          108.          152.          229.          386.  
2024      284        10       40               30.           33.           38.           44.           52.           63.           81.          108.          152.          229.          387.  
2024      284        10       45               30.           34.           38.           44.           52.           64.           81.          108.          152.          230.          388.  
2024      284        10       50               30.           34.           38.           44.           52.           64.           81.          108.          152.          230.          388.  
2024      284        10       55               31.           34.           39.           45.           53.           64.           82.          108.          153.          231.          390.  
2024      284        11        0               30.           33.           38.           44.           52.           63.           80.          107.          152.          230.          388.  
2024      284        11        5               31.           34.           39.           45.           53.           64.           81.          108.          153.          231.          390.  
2024      284        11       10               30.           33.           38.           44.           52.           63.           80.          107.          152.          230.          388.  
2024      284        11       15               29.           33.           37.           43.           51.           62.           79.          106.          151.          230.          389.  
2024      284        11       20               28.           32.           36.           42.           49.           61.           78.          105.          150.          228.          387.  
2024      284        11       25               29.           32.           37.           42.           50.           61.           79.          106.          151.          230.          389.  
2024      284        11       30               28.           32.           36.           41.           49.           60.           78.          105.          150.          229.          389.  
2024      284        11       35               28.           32.           36.           42.           49.           61.           78.          105.          150.          229.          389.  
2024      284        11       40               29.           33.           37.           43.           51.           62.           79.          107.          152.          230.          390.  
2024      284        11       45               30.           34.           38.           44.           52.           63.           80.          108.          152.          231.          391.  
2024      284        11       50               30.           33.           38.           44.           51.           63.           80.          108.          152.          231.          391.  
2024      284        11       55               29.           33.           37.           43.           51.           63.           80.          107.          152.          231.          391.  
2024      284        12        0               30.           33.           38.           44.           52.           63.           81.          108.          153.          232.          392.  
2024      284        12        5               30.           33.           38.           44.           52.           64.           81.          109.          153.          232.          393.  
2024      284        12       10               30.           34.           39.           45.           53.           65.           82.          109.          154.          233.          393.  
2024      284        12       15               30.           34.           39.           45.           53.           65.           82.          109.          154.          233.          393.  
2024      284        12       20               31.           34.           39.           45.           54.           65.           83.          110.          154.          234.          395.  
2024      284        12       25               31.           35.           40.           46.           54.           66.           84.          111.          155.          234.          395.  
2024      284        12       30               31.           35.           40.           46.           55.           66.           84.          111.          155.          234.          395.  
2024      284        12       35               31.           35.           40.           46.           54.           66.           84.          111.          155.          234.          396.  
2024      284        12       40               31.           35.           39.           46.           54.           66.           84.          111.          155.          234.          396.  
2024      284        12       45               30.           34.           39.           45.           53.           65.           83.          110.          154.          234.          396.  
2024      284        12       50               31.           34.           39.           45.           54.           65.           83.          110.          155.          234.          396.  
2024      284        12       55               31.           34.           39.           45.           54.           66.           83.          110.          155.          234.          397.  
2024      284        13        0               31.           34.           39.           45.           53.           65.           83.          110.          155.          234.          396.  
2024      284        13        5               31.           34.           39.           45.           54.           66.           83.          110.          155.          235.          397.  
2024      284        13       10               31.           35.           40.           46.           54.           66.           84.          111.          156.          235.          397.  
2024      284        13       15               32.           36.           41.           47.           55.           67.           85.          112.          157.          236.          398.  
2024      284        13       20               32.           36.           41.           47.           55.           67.           85.          112.          157.          236.          398.  
2024      284        13       25               31.           35.           40.           46.           54.           66.           84.          111.          156.          236.          398.  
2024      284        13       30               31.           35.           40.           46.           54.           66.           84.          111.          156.          236.          398.  
2024      284        13       35               31.           35.           39.           46.           54.           66.           84.          111.          156.          236.          398.  
2024      284        13       40               31.           35.           40.           46.           54.           66.           84.          112.          157.          236.          398.  
2024      284        13       45               31.           35.           39.           45.           54.           65.           83.          111.          156.          236.          398.  
2024      284        13       50               31.           34.           39.           45.           53.           65.           83.          111.          156.          235.          397.  
2024      284        13       55               31.           34.           39.           45.           53.           65.           83.          111.          156.          235.          397.  
2024      284        14        0               30.           34.           39.           45.           53.           65.           82.          110.          155.          235.          396.  
2024      284        14        5               31.           34.           39.           45.           53.           65.           83.          110.          156.          235.          397.  
2024      284        14       10               32.           35.           40.           46.           54.           66.           84.          111.          157.          236.          398.  
2024      284        14       15               32.           36.           40.           46.           54.           66.           84.          112.          157.          236.          398.  
2024      284        14       20               32.           35.           40.           46.           54.           66.           84.          111.          156.          236.          397.  
2024      284        14       25               32.           36.           40.           46.           55.           66.           84.          112.          157.          235.          396.  
2024      284        14       30               32.           36.           41.           47.           55.           67.           84.          112.          157.          237.          398.  
2024      284        14       35               33.           37.           42.           48.           56.           68.           86.          113.          158.          238.          400.  
2024      284        14       40               35.           39.           44.           50.           58.           70.           87.          115.          160.          239.          401.  
2024      284        14       45               34.           37.           42.           48.           56.           68.           86.          113.          158.          238.          400.  
2024      284        14       50               32.           36.           40.           46.           54.           66.           84.          112.          157.          236.          398.  
2024      284        14       55               34.           38.           43.           49.           57.           68.           86.          113.          158.          238.          400.  
2024      284        15        0               35.           38.           43.           49.           57.           69.           87.          114.          159.          238.          400.  
2024      284        15        5               33.           36.           41.           46.           54.           66.           83.          110.          155.          235.          397.  
2024      284        15       10               34.           37.           42.           47.           55.           66.           83.          110.          155.          235.          398.  
2024      284        15       15               33.           36.           40.           45.           53.           64.           81.          108.          153.          234.          397.  
2024      284        15       20               53.           56.           61.           67.           75.           87.          103.          129.          173.          253.          417.  
2024      284        15       25               68.           71.           77.           84.           92.          104.          120.          145.          188.          267.          432.  
2024      284        15       30               74.           77.           83.           90.          100.          111.          127.          152.          195.          274.          438.  
2024      284        15       35               88.           92.           99.          108.          118.          131.          147.          171.          212.          290.          453.  
2024      284        15       40               92.           97.          105.          114.          126.          139.          156.          180.          220.          297.          460.  
2024      284        15       45               98.          104.          112.          123.          135.          149.          166.          190.          230.          305.          467.  
2024      284        15       50              104.          110.          119.          130.          143.          158.          175.          199.          238.          312.          473.  
2024      284        15       55              103.          109.          118.          129.          142.          157.          175.          198.          237.          312.          472.  
2024      284        16        0               98.          105.          114.          126.          139.          154.          172.          196.          235.          309.          469.  
2024      284        16        5              104.          111.          121.          133.          147.          163.          180.          203.          242.          316.          476.  
2024      284        16       10              105.          112.          121.          133.          147.          163.          181.          204.          242.          316.          476.  
2024      284        16       15              109.          116.          126.          138.          152.          168.          186.          209.          247.          320.          479.  
2024      284        16       20              106.          113.          123.          136.          150.          167.          185.          208.          246.          319.          478.  
2024      284        16       25              106.          114.          125.          138.          154.          171.          190.          213.          250.          322.          480.  
2024      284        16       30              111.          120.          131.          146.          162.          180.          199.          221.          258.          328.          485.  
2024      284        16       35              117.          126.          138.          153.          170.          189.          208.          230.          265.          336.          492.  
2024      284        16       40              119.          128.          141.          156.          173.          192.          211.          234.          269.          339.          494.  
2024      284        16       45              118.          127.          139.          154.          171.          190.          209.          232.          268.          337.          492.  
2024      284        16       50              123.          132.          145.          159.          177.          195.          215.          238.          273.          342.          497.  
2024      284        16       55              117.          126.          138.          153.          169.          188.          207.          231.          267.          336.          491.  
2024      284        17        0              115.          124.          135.          149.          165.          184.          203.          227.          263.          333.          488.  
2024      284        17        5              111.          119.          130.          144.          159.          177.          197.          221.          258.          328.          483.  
2024      284        17       10              110.          118.          129.          142.          157.          174.          193.          218.          255.          326.          481.  
2024      284        17       15              105.          113.          123.          135.          150.          166.          186.          211.          249.          320.          475.  
2024      284        17       20              106.          113.          124.          136.          151.          167.          187.          211.          249.          321.          476.  
2024      284        17       25              103.          111.          121.          133.          147.          164.          184.          208.          247.          318.          474.  
2024      284        17       30              103.          111.          121.          134.          148.          165.          184.          209.          247.          319.          473.  
2024      284        17       35              104.          112.          123.          135.          150.          167.          187.          211.          249.          320.          474.  
2024      284        17       40              105.          114.          124.          137.          152.          170.          189.          213.          251.          322.          476.  
2024      284        17       45              108.          117.          127.          141.          156.          174.          193.          218.          255.          325.          478.  
2024      284        17       50              109.          118.          129.          143.          159.          177.          197.          221.          258.          327.          480.  
2024      284        17       55              111.          120.          132.          146.          163.          181.          202.          225.          261.          330.          482.  
2024      284        18        0              112.          121.          133.          148.          165.          184.          204.          228.          263.          332.          483.  
2024      284        18        5              112.          122.          135.          149.          167.          186.          206.          230.          266.          334.          485.  
2024      284        18       10              113.          123.          136.          151.          168.          188.          208.          232.          267.          335.          486.  
2024      284        18       15              114.          124.          137.          152.          170.          190.          211.          234.          270.          337.          488.  
2024      284        18       20              115.          125.          138.          153.          170.          190.          211.          235.          271.          338.          487.  
2024      284        18       25              116.          126.          139.          154.          172.          192.          214.          238.          273.          340.          489.  
2024      284        18       30              119.          130.          143.          158.          176.          197.          218.          242.          277.          343.          491.  
2024      284        18       35              118.          129.          142.          157.          175.          195.          217.          241.          275.          342.          489.  
2024      284        18       40              116.          127.          139.          155.          172.          193.          214.          238.          273.          340.          488.  
2024      284        18       45              116.          126.          139.          154.          172.          192.          213.          238.          273.          340.          487.  
2024      284        18       50              114.          124.          137.          152.          170.          190.          211.          236.          271.          338.          485.  
2024      284        18       55              118.          129.          142.          157.          174.          194.          216.          240.          276.          342.          488.  
2024      284        19        0              114.          124.          137.          151.          169.          189.          211.          236.          272.          338.          485.  
2024      284        19        5              103.          113.          125.          139.          156.          176.          199.          225.          262.          329.          476.  
2024      284        19       10              102.          112.          124.          139.          156.          176.          198.          225.          262.          328.          475.  
2024      284        19       15              105.          116.          128.          143.          160.          180.          203.          229.          266.          332.          478.  
2024      284        19       20              103.          113.          126.          140.          158.          178.          200.          226.          263.          329.          475.  
2024      284        19       25              102.          112.          125.          139.          156.          176.          199.          224.          261.          327.          473.  
2024      284        19       30              103.          113.          126.          141.          158.          178.          200.          226.          262.          328.          473.  
2024      284        19       35              102.          113.          125.          140.          158.          178.          200.          225.          261.          327.          473.  
2024      284        19       40              105.          115.          128.          143.          161.          182.          204.          229.          264.          329.          473.  
2024      284        19       45              107.          118.          131.          146.          164.          185.          207.          231.          266.          331.          475.  
2024      284        19       50              111.          121.          135.          150.          168.          188.          210.          235.          270.          334.          478.  
2024      284        19       55              112.          123.          136.          152.          170.          190.          212.          237.          271.          336.          479.  
2024      284        20        0              110.          121.          134.          149.          167.          188.          210.          235.          269.          334.          477.  
2024      284        20        5              110.          121.          134.          149.          167.          188.          210.          235.          270.          334.          476.  
2024      284        20       10              113.          124.          137.          152.          170.          191.          213.          238.          272.          336.          478.  
2024      284        20       15              117.          128.          141.          157.          175.          195.          218.          242.          276.          340.          482.  
2024      284        20       20              114.          125.          139.          154.          173.          194.          216.          240.          274.          338.          478.  
2024      284        20       25              116.          127.          141.          157.          176.          197.          219.          243.          276.          340.          480.  
2024      284        20       30              121.          132.          146.          162.          181.          203.          225.          249.          282.          345.          486.  
2024      284        20       35              119.          131.          145.          161.          180.          201.          224.          247.          281.          344.          485.  
2024      284        20       40              121.          132.          146.          162.          181.          203.          225.          249.          282.          345.          485.  
2024      284        20       45              123.          135.          149.          165.          184.          205.          227.          251.          284.          346.          486.  
2024      284        20       50              124.          136.          150.          166.          185.          206.          228.          251.          284.          347.          486.  
2024      284        20       55              128.          140.          153.          169.          188.          209.          231.          255.          288.          350.          489.  
2024      284        21        0              128.          139.          153.          169.          188.          209.          231.          255.          288.          350.          489.  
2024      284        21        5              124.          136.          149.          166.          184.          205.          227.          251.          284.          347.          486.  
2024      284        21       10              121.          132.          145.          161.          179.          200.          222.          246.          280.          343.          482.  
2024      284        21       15              120.          131.          145.          160.          178.          199.          221.          245.          279.          342.          481.  
2024      284        21       20              115.          126.          139.          154.          171.          191.          214.          239.          273.          336.          475.  
2024      284        21       25              116.          127.          140.          155.          172.          192.          215.          240.          274.          337.          476.  
2024      284        21       30              113.          124.          137.          151.          168.          188.          210.          236.          271.          333.          471.  
2024      284        21       35              113.          124.          136.          150.          166.          186.          208.          234.          270.          332.          469.  
2024      284        21       40              117.          127.          139.          153.          169.          189.          212.          238.          273.          335.          471.  
2024      284        21       45              120.          130.          143.          157.          174.          193.          216.          242.          277.          339.          475.  
2024      284        21       50              121.          132.          145.          160.          177.          198.          220.          246.          280.          342.          479.  
2024      284        21       55              120.          131.          144.          159.          176.          197.          220.          245.          280.          342.          478.  
2024      284        22        0              110.          121.          134.          148.          166.          186.          210.          235.          270.          332.          468.  
2024      284        22        5              109.          120.          133.          148.          166.          187.          210.          236.          270.          332.          468.  
2024      284        22       10              110.          122.          136.          151.          170.          191.          214.          239.          273.          335.          470.  
2024      284        22       15              115.          126.          140.          156.          175.          196.          219.          244.          277.          338.          473.  
2024      284        22       20              110.          122.          135.          151.          169.          191.          214.          239.          272.          333.          467.  
2024      284        22       25              108.          120.          134.          149.          168.          189.          212.          237.          271.          332.          466.  
2024      284        22       30              113.          125.          138.          154.          172.          194.          216.          240.          273.          333.          468.  
2024      284        22       35              115.          127.          140.          155.          173.          194.          216.          240.          272.          333.          466.  
2024      284        22       40               88.           99.          112.          127.          145.          166.          189.          214.          247.          308.          442.  
2024      284        22       45               89.          101.          114.          129.          147.          168.          191.          215.          249.          309.          443.  
2024      284        22       50               92.          104.          117.          133.          152.          173.          196.          220.          252.          312.          446.  
2024      284        22       55               92.          104.          119.          136.          156.          178.          201.          224.          255.          315.          448.  
2024      284        23        0               95.          108.          123.          141.          162.          184.          208.          231.          262.          321.          452.  
2024      284        23        5               98.          111.          127.          145.          166.          189.          213.          237.          268.          326.          456.  
2024      284        23       10               98.          112.          127.          145.          166.          190.          214.          238.          269.          326.          456.  
2024      284        23       15              109.          122.          138.          155.          176.          198.          222.          246.          278.          334.          463.  
2024      284        23       20              112.          126.          141.          158.          178.          201.          224.          249.          280.          336.          464.  
2024      284        23       25              110.          123.          138.          155.          175.          197.          221.          245.          277.          333.          461.  
2024      284        23       30              108.          121.          136.          153.          173.          195.          218.          242.          273.          331.          460.  
2024      284        23       35              105.          118.          132.          149.          169.          191.          214.          238.          269.          326.          455.  
2024      284        23       40              100.          113.          128.          145.          164.          186.          209.          233.          264.          322.          451.  
2024      284        23       45               97.          110.          124.          141.          161.          183.          206.          230.          261.          319.          449.  
2024      284        23       50               93.          105.          120.          137.          157.          180.          203.          227.          258.          316.          446.  
2024      284        23       55               91.          104.          119.          136.          156.          178.          201.          226.          257.          315.          444.  
2024      285         0        0               92.          105.          120.          137.          157.          180.          203.          227.          259.          317.          445.  
2024      285         0        5               95.          107.          123.          140.          159.          182.          205.          230.          261.          318.          446.  
2024      285         0       10               95.          108.          123.          140.          160.          182.          206.          230.          261.          318.          446.  
2024      285         0       15               95.          108.          123.          140.          160.          183.          206.          231.          262.          319.          446.  
2024      285         0       20               96.          109.          124.          141.          161.          183.          206.          231.          262.          319.          445.  
2024      285         0       25               97.          110.          125.          142.          162.          184.          208.          232.          264.          320.          446.  
2024      285         0       30              104.          118.          133.          150.          170.          192.          216.          241.          272.          327.          453.  
2024      285         0       35              117.          131.          146.          164.          184.          206.          230.          254.          284.          340.          465.  
2024      285         0       40              117.          131.          147.          164.          185.          208.          232.          256.          286.          341.          466.  
2024      285         0       45              115.          129.          145.          163.          184.          207.          231.          255.          285.          340.          465.  
2024      285         0       50              115.          129.          145.          163.          184.          207.          231.          256.          286.          341.          465.  
2024      285         0       55              112.          126.          141.          159.          179.          202.          227.          252.          283.          337.          461.  
2024      285         1        0              107.          121.          136.          154.          174.          198.          222.          248.          279.          334.          457.  
2024      285         1        5              107.          121.          136.          154.          174.          197.          222.          248.          279.          334.          457.  
2024      285         1       10              109.          123.          138.          155.          175.          199.          223.          249.          280.          335.          458.  
2024      285         1       15              110.          124.          139.          156.          176.          199.          224.          250.          281.          336.          459.  
2024      285         1       20              110.          123.          138.          155.          175.          198.          223.          249.          281.          336.          458.  
2024      285         1       25              108.          121.          136.          153.          173.          196.          221.          247.          279.          334.          456.  
2024      285         1       30              112.          125.          140.          156.          175.          198.          223.          250.          282.          336.          457.  
2024      285         1       35              109.          122.          137.          154.          173.          196.          221.          247.          280.          334.          456.  
2024      285         1       40              105.          119.          134.          150.          169.          192.          217.          244.          276.          331.          453.  
2024      285         1       45              105.          119.          133.          150.          169.          191.          216.          243.          276.          330.          452.  
2024      285         1       50              106.          119.          134.          150.          169.          191.          216.          243.          276.          330.          452.  
2024      285         1       55              103.          116.          131.          147.          166.          188.          213.          240.          273.          327.          448.  
2024      285         2        0              103.          115.          130.          146.          164.          186.          211.          238.          271.          326.          447.  
2024      285         2        5              100.          112.          126.          142.          160.          182.          206.          233.          266.          321.          443.  
2024      285         2       10               97.          109.          122.          137.          155.          176.          201.          228.          262.          316.          437.  
2024      285         2       15               95.          107.          120.          135.          153.          174.          198.          226.          259.          314.          435.  
2024      285         2       20               92.          104.          117.          132.          149.          170.          194.          221.          255.          310.          433.  
2024      285         2       25               86.           97.          111.          125.          143.          163.          187.          214.          248.          304.          427.  
2024      285         2       30               88.          100.          113.          127.          145.          165.          189.          215.          249.          305.          429.  
2024      285         2       35               89.          100.          114.          128.          146.          166.          190.          216.          249.          306.          430.  
2024      285         2       40               86.           98.          111.          126.          143.          164.          187.          213.          247.          304.          428.  
2024      285         2       45               85.           96.          109.          124.          142.          162.          186.          212.          245.          302.          427.  
2024      285         2       50               86.           98.          111.          126.          144.          164.          187.          213.          246.          303.          428.  
2024      285         2       55               87.           99.          112.          127.          144.          164.          188.          214.          247.          304.          428.  
2024      285         3        0               86.           98.          111.          126.          143.          163.          187.          213.          246.          303.          427.  
2024      285         3        5               85.           97.          110.          124.          141.          162.          185.          211.          245.          301.          425.  
2024      285         3       10               85.           96.          109.          124.          141.          161.          184.          211.          244.          301.          426.  
2024      285         3       15               86.           97.          110.          125.          142.          162.          185.          212.          245.          302.          426.  
2024      285         3       20               85.           96.          109.          124.          141.          162.          185.          211.          245.          302.          427.  
2024      285         3       25               85.           96.          109.          124.          142.          162.          185.          211.          245.          302.          427.  
2024      285         3       30               85.           96.          109.          124.          141.          162.          185.          211.          245.          302.          427.  
2024      285         3       35               86.           98.          111.          125.          142.          163.          186.          212.          246.          303.          428.  
2024      285         3       40               85.           96.          109.          124.          142.          162.          185.          211.          245.          303.          429.  
2024      285         3       45               85.           97.          110.          124.          141.          161.          185.          211.          245.          302.          427.  
2024      285         3       50               84.           95.          108.          122.          140.          160.          183.          210.          243.          301.          426.  
2024      285         3       55               84.           95.          108.          122.          139.          159.          182.          209.          243.          300.          425.  
2024      285         4        0               83.           94.          107.          121.          138.          159.          182.          209.          243.          300.          425.  
2024      285         4        5               82.           93.          106.          120.          137.          157.          181.          207.          241.          299.          424.  
2024      285         4       10               83.           95.          107.          122.          138.          159.          182.          209.          243.          300.          425.  
2024      285         4       15               84.           95.          107.          121.          138.          158.          181.          208.          242.          299.          424.  
2024      285         4       20               83.           94.          107.          120.          137.          156.          180.          207.          241.          298.          422.  
2024      285         4       25               83.           94.          106.          120.          136.          155.          179.          206.          240.          297.          421.  
2024      285         4       30               81.           92.          104.          118.          134.          154.          177.          204.          238.          295.          420.  
2024      285         4       35               81.           91.          104.          117.          133.          153.          176.          203.          237.          294.          420.  
2024      285         4       40               81.           91.          104.          117.          133.          153.          176.          202.          237.          294.          420.  
2024      285         4       45               80.           91.          103.          117.          132.          152.          175.          202.          236.          294.          419.  
2024      285         4       50               81.           92.          104.          117.          133.          153.          176.          202.          237.          295.          421.  
2024      285         4       55               82.           92.          104.          118.          134.          153.          176.          203.          237.          295.          421.  
2024      285         5        0               80.           91.          103.          116.          132.          151.          174.          201.          236.          294.          420.  
2024      285         5        5               80.           90.          102.          116.          131.          151.          174.          201.          235.          293.          419.  
2024      285         5       10               78.           89.          101.          114.          130.          149.          172.          199.          233.          292.          418.  
2024      285         5       15               78.           88.          100.          114.          130.          149.          172.          199.          233.          292.          418.  
2024      285         5       20               78.           89.          101.          114.          130.          149.          172.          199.          234.          293.          421.  
2024      285         5       25               80.           90.          102.          116.          132.          151.          174.          200.          235.          294.          423.  
2024      285         5       30               78.           89.          101.          114.          130.          150.          173.          199.          234.          293.          422.  
2024      285         5       35               77.           87.           99.          113.          129.          148.          171.          197.          232.          291.          419.  
2024      285         5       40               77.           87.           99.          113.          129.          148.          171.          198.          233.          292.          419.  
2024      285         5       45               77.           87.           99.          113.          129.          148.          171.          198.          233.          292.          419.  
2024      285         5       50               78.           88.          100.          114.          130.          149.          173.          200.          235.          294.          421.  
2024      285         5       55               81.           92.          104.          118.          134.          153.          177.          204.          239.          297.          424.  
2024      285         6        0               89.           99.          112.          125.          141.          161.          184.          212.          246.          303.          430.  
2024      285         6        5               90.          101.          113.          127.          143.          163.          186.          213.          248.          306.          433.  
2024      285         6       10               91.          102.          114.          128.          144.          163.          187.          215.          249.          307.          432.  
2024      285         6       15               91.          103.          115.          128.          145.          164.          188.          216.          251.          308.          434.  
2024      285         6       20               89.          100.          113.          126.          142.          162.          186.          214.          249.          306.          432.  
2024      285         6       25               87.           98.          111.          124.          140.          160.          185.          213.          248.          305.          431.  
2024      285         6       30               85.           96.          109.          122.          139.          159.          183.          211.          246.          305.          432.  
2024      285         6       35               84.           95.          107.          121.          137.          157.          181.          209.          244.          303.          430.  
2024      285         6       40               88.           99.          112.          125.          142.          162.          186.          213.          248.          306.          433.  
2024      285         6       45               86.           97.          109.          123.          139.          159.          183.          211.          246.          304.          430.  
2024      285         6       50               84.           95.          107.          121.          137.          157.          181.          209.          244.          302.          428.  
2024      285         6       55               81.           92.          104.          118.          134.          154.          178.          206.          241.          299.          426.  
2024      285         7        0               82.           93.          106.          119.          136.          156.          180.          208.          243.          300.          427.  
2024      285         7        5               83.           94.          106.          121.          137.          158.          181.          209.          244.          303.          431.  
2024      285         7       10               87.           98.          111.          125.          142.          163.          186.          213.          248.          307.          436.  
2024      285         7       15               94.          105.          118.          133.          151.          171.          194.          221.          255.          315.          445.  
2024      285         7       20               89.          100.          113.          127.          144.          164.          188.          215.          249.          309.          438.  
2024      285         7       25               89.          100.          113.          127.          144.          165.          188.          215.          250.          310.          441.  
2024      285         7       30               88.           99.          112.          126.          143.          163.          186.          213.          248.          308.          439.  
2024      285         7       35               88.           99.          112.          126.          142.          162.          186.          212.          248.          308.          441.  
2024      285         7       40               86.           97.          110.          124.          140.          160.          183.          210.          245.          307.          440.  
2024      285         7       45               86.           96.          108.          122.          138.          157.          180.          207.          243.          304.          437.  
2024      285         7       50               90.          100.          112.          126.          142.          162.          185.          211.          247.          309.          443.  
2024      285         7       55               87.           98.          110.          123.          139.          158.          181.          208.          243.          304.          437.  
2024      285         8        0               87.           98.          109.          123.          138.          157.          180.          207.          243.          304.          437.  
2024      285         8        5               86.           97.          109.          122.          138.          157.          180.          207.          242.          304.          438.  
2024      285         8       10               88.           98.          110.          124.          140.          159.          182.          209.          244.          306.          441.  
2024      285         8       15               85.           96.          108.          121.          137.          157.          180.          206.          242.          304.          440.  
2024      285         8       20               84.           94.          106.          120.          136.          156.          179.          205.          241.          304.          439.  
2024      285         8       25               84.           94.          106.          120.          136.          156.          179.          205.          241.          304.          439.  
2024      285         8       30               85.           95.          107.          121.          137.          156.          179.          206.          242.          304.          439.  
2024      285         8       35               84.           95.          106.          120.          136.          155.          178.          205.          241.          304.          439.  
2024      285         8       40               81.           92.          104.          117.          133.          153.          176.          203.          239.          302.          437.  
2024      285         8       45               81.           92.          104.          117.          133.          153.          176.          203.          240.          302.          437.  
2024      285         8       50               82.           93.          105.          118.          134.          154.          177.          205.          241.          304.          439.  
2024      285         8       55               84.           95.          107.          120.          137.          156.          180.          207.          244.          306.          442.  
2024      285         9        0               89.           99.          111.          125.          141.          161.          184.          212.          248.          310.          445.  
2024      285         9        5               90.          101.          113.          126.          142.          162.          186.          213.          250.          311.          446.  
2024      285         9       10               90.          101.          113.          127.          143.          162.          186.          214.          250.          312.          446.  
2024      285         9       15               89.          100.          112.          126.          142.          162.          185.          213.          249.          311.          446.  
2024      285         9       20               88.           99.          111.          124.          140.          160.          184.          211.          248.          310.          445.  
2024      285         9       25               88.           98.          110.          124.          140.          159.          183.          211.          248.          309.          444.  
2024      285         9       30               88.           99.          111.          124.          140.          160.          184.          212.          248.          310.          444.  
2024      285         9       35               92.          102.          114.          128.          144.          163.          187.          216.          252.          314.          448.  
2024      285         9       40               90.          101.          113.          127.          143.          163.          187.          215.          251.          314.          451.  
2024      285         9       45               92.          103.          115.          129.          146.          166.          190.          217.          254.          318.          457.  
2024      285         9       50               89.          100.          111.          125.          141.          162.          185.          213.          251.          315.          454.  
2024      285         9       55               85.           96.          108.          121.          137.          157.          181.          209.          247.          313.          452.  
2024      285        10        0               85.           96.          107.          121.          137.          157.          181.          209.          247.          313.          453.  
2024      285        10        5               90.          100.          112.          125.          140.          160.          184.          212.          250.          316.          457.  
2024      285        10       10               88.           98.          109.          122.          137.          156.          180.          208.          247.          313.          454.  
2024      285        10       15               86.           96.          106.          119.          134.          153.          177.          205.          244.          310.          452.  
2024      285        10       20               87.           96.          107.          119.          134.          153.          177.          205.          243.          310.          453.  
2024      285        10       25               84.           93.          104.          116.          131.          149.          172.          200.          239.          307.          450.  
2024      285        10       30               84.           94.          104.          116.          131.          150.          172.          200.          239.          306.          450.  
2024      285        10       35               78.           87.           98.          110.          124.          143.          165.          193.          232.          301.          445.  
2024      285        10       40               75.           84.           94.          106.          120.          139.          161.          189.          229.          298.          442.  
2024      285        10       45               73.           82.           92.          104.          118.          136.          159.          187.          227.          297.          442.  
2024      285        10       50               76.           85.           95.          107.          121.          139.          162.          190.          230.          299.          445.  
2024      285        10       55               74.           83.           93.          104.          118.          136.          159.          188.          228.          297.          443.  
2024      285        11        0               73.           82.           92.          103.          117.          135.          158.          187.          227.          297.          443.  
2024      285        11        5               71.           79.           89.          100.          114.          132.          155.          184.          225.          295.          441.  
2024      285        11       10               72.           80.           90.          101.          115.          133.          155.          184.          225.          296.          443.  
2024      285        11       15               70.           79.           88.           99.          112.          130.          153.          182.          223.          294.          441.  
2024      285        11       20               67.           76.           85.           95.          109.          126.          149.          178.          220.          291.          438.  
2024      285        11       25               66.           74.           84.           94.          107.          125.          147.          177.          219.          289.          437.  
2024      285        11       30               68.           76.           85.           96.          109.          126.          149.          178.          220.          291.          439.  
2024      285        11       35               68.           76.           85.           95.          108.          125.          148.          177.          219.          290.          439.  
2024      285        11       40               61.           69.           78.           88.          100.          118.          140.          170.          212.          284.          433.  
2024      285        11       45               60.           68.           76.           86.           98.          116.          138.          168.          210.          282.          432.  
2024      285        11       50               63.           71.           80.           89.          102.          119.          141.          171.          213.          285.          435.  
2024      285        11       55               61.           69.           78.           87.          100.          117.          139.          169.          211.          283.          433.  
2024      285        12        0               61.           69.           77.           87.           99.          116.          139.          168.          210.          283.          433.  
2024      285        12        5               61.           68.           77.           87.           99.          116.          138.          168.          210.          283.          433.  
2024      285        12       10               59.           67.           76.           85.           98.          114.          137.          166.          209.          282.          432.  
2024      285        12       15               56.           64.           72.           81.           94.          110.          133.          163.          205.          278.          429.  
2024      285        12       20               57.           64.           73.           82.           94.          111.          133.          163.          206.          279.          430.  
2024      285        12       25               59.           67.           75.           85.           98.          115.          137.          166.          209.          281.          433.  
2024      285        12       30               63.           71.           80.           90.          103.          120.          143.          171.          213.          285.          437.  
2024      285        12       35               64.           72.           82.           92.          106.          123.          145.          174.          215.          287.          439.  
2024      285        12       40               64.           72.           82.           92.          106.          123.          146.          174.          215.          287.          439.  
2024      285        12       45               65.           74.           83.           94.          108.          126.          148.          176.          217.          289.          441.  
2024      285        12       50               67.           75.           85.           97.          111.          129.          151.          179.          220.          291.          443.  
2024      285        12       55               68.           77.           87.           99.          113.          131.          154.          181.          222.          293.          445.  
2024      285        13        0               69.           78.           88.          100.          114.          133.          155.          183.          223.          294.          446.  
2024      285        13        5               69.           78.           88.          100.          114.          132.          154.          182.          223.          294.          446.  
2024      285        13       10               67.           76.           86.           97.          112.          130.          152.          180.          221.          293.          445.  
2024      285        13       15               68.           77.           87.           98.          113.          131.          153.          181.          222.          294.          446.  
2024      285        13       20               70.           78.           88.          100.          114.          133.          155.          183.          224.          295.          447.  
2024      285        13       25               70.           79.           89.          100.          114.          133.          155.          183.          224.          296.          448.  
2024      285        13       30               72.           81.           91.          103.          117.          135.          158.          186.          226.          298.          450.  
2024      285        13       35               73.           82.           92.          104.          118.          136.          159.          187.          228.          299.          452.  
2024      285        13       40               74.           83.           93.          105.          119.          137.          159.          188.          228.          300.          453.  
2024      285        13       45               77.           86.           96.          107.          121.          139.          162.          190.          231.          302.          455.  
2024      285        13       50               75.           83.           93.          104.          118.          136.          158.          186.          228.          300.          453.  
2024      285        13       55               70.           79.           88.           99.          112.          130.          152.          181.          222.          295.          448.  
2024      285        14        0               69.           77.           86.           97.          110.          127.          149.          178.          220.          293.          447.  
2024      285        14        5               65.           73.           82.           92.          105.          122.          145.          173.          216.          289.          443.  
2024      285        14       10               65.           73.           82.           92.          105.          122.          145.          173.          215.          289.          443.  
2024      285        14       15               64.           72.           81.           91.          104.          121.          143.          172.          214.          287.          442.  
2024      285        14       20               64.           72.           80.           90.          103.          120.          142.          171.          213.          287.          441.  
2024      285        14       25               63.           70.           79.           89.          102.          119.          141.          170.          212.          286.          440.  
2024      285        14       30               62.           70.           78.           88.          101.          118.          140.          169.          211.          285.          440.  
2024      285        14       35               61.           69.           77.           87.          100.          116.          138.          167.          210.          284.          439.  
2024      285        14       40               60.           67.           76.           85.           98.          114.          136.          165.          208.          282.          437.  
2024      285        14       45               57.           64.           73.           82.           94.          111.          133.          162.          205.          279.          434.  
2024      285        14       50               53.           60.           68.           77.           89.          105.          127.          157.          200.          275.          430.  
2024      285        14       55               58.           65.           73.           83.           95.          111.          133.          162.          205.          279.          435.  
2024      285        15        0               57.           65.           73.           82.           94.          110.          131.          160.          204.          278.          434.  
2024      285        15        5               58.           65.           73.           83.           94.          110.          132.          161.          204.          279.          435.  
2024      285        15       10               58.           65.           72.           82.           93.          109.          131.          160.          203.          278.          434.  
2024      285        15       15               56.           63.           70.           79.           91.          107.          128.          157.          200.          276.          432.  
2024      285        15       20               55.           62.           69.           78.           90.          105.          127.          155.          199.          274.          431.  
2024      285        15       25               55.           61.           69.           78.           89.          105.          126.          155.          198.          273.          430.  
2024      285        15       30               55.           61.           69.           78.           89.          104.          125.          154.          198.          273.          430.  
2024      285        15       35               55.           61.           69.           77.           89.          104.          125.          154.          197.          273.          430.  
2024      285        15       40               54.           61.           68.           77.           88.          103.          124.          153.          197.          272.          429.  
2024      285        15       45               55.           61.           69.           77.           89.          104.          125.          154.          197.          273.          430.  
2024      285        15       50               55.           61.           69.           77.           89.          104.          125.          154.          197.          273.          430.  
2024      285        15       55               54.           61.           68.           77.           88.          104.          125.          153.          197.          272.          429.  
2024      285        16        0               55.           61.           69.           78.           89.          104.          125.          154.          197.          273.          430.  
2024      285        16        5               55.           61.           69.           78.           89.          104.          125.          154.          197.          273.          430.  
2024      285        16       10               55.           61.           69.           77.           89.          104.          125.          154.          197.          272.          429.  
2024      285        16       15               54.           61.           68.           77.           88.          104.          125.          153.          197.          272.          429.  
2024      285        16       20               55.           62.           69.           78.           89.          105.          125.          154.          197.          273.          430.  
2024      285        16       25               55.           62.           69.           78.           89.          105.          125.          154.          197.          273.          430.  
2024      285        16       30               56.           62.           70.           79.           90.          106.          126.          155.          198.          273.          430.  
2024      285        16       35               61.           68.           76.           85.           96.          112.          133.          161.          204.          279.          435.  
2024      285        16       40               61.           67.           75.           84.           96.          111.          132.          160.          203.          278.          435.  
2024      285        16       45               60.           67.           74.           83.           95.          110.          131.          160.          202.          277.          434.  
2024      285        16       50               59.           65.           73.           82.           93.          109.          130.          158.          201.          276.          432.  
2024      285        16       55               57.           64.           71.           80.           92.          107.          128.          156.          199.          274.          431.  
2024      285        17        0               58.           64.           72.           81.           92.          107.          128.          156.          199.          274.          431.  
2024      285        17        5               57.           64.           71.           80.           91.          106.          127.          155.          198.          273.          430.  
2024      285        17       10               57.           63.           71.           79.           91.          106.          126.          155.          198.          273.          429.  
2024      285        17       15               54.           60.           67.           76.           87.          102.          122.          150.          194.          269.          426.  
2024      285        17       20               54.           60.           67.           75.           86.          101.          121.          150.          193.          268.          425.  
2024      285        17       25               50.           56.           63.           71.           82.           96.          117.          145.          189.          264.          421.  
2024      285        17       30               48.           54.           61.           69.           80.           94.          115.          143.          187.          262.          419.  
2024      285        17       35               46.           52.           58.           66.           77.           91.          111.          140.          184.          259.          416.  
2024      285        17       40               44.           50.           56.           64.           74.           88.          109.          137.          181.          257.          414.  
2024      285        17       45               44.           49.           56.           63.           74.           88.          108.          137.          181.          256.          413.  
2024      285        17       50               44.           49.           56.           63.           73.           88.          108.          137.          180.          256.          413.  
2024      285        17       55               45.           51.           57.           65.           75.           89.          109.          138.          182.          257.          413.  
2024      285        18        0               46.           52.           59.           67.           77.           91.          111.          140.          183.          259.          414.  
2024      285        18        5               47.           52.           59.           67.           77.           92.          112.          140.          184.          259.          414.  
2024      285        18       10               47.           53.           59.           67.           78.           92.          112.          141.          184.          259.          414.  
2024      285        18       15               48.           54.           60.           68.           79.           93.          113.          142.          185.          260.          415.  
2024      285        18       20               50.           56.           63.           71.           81.           96.          116.          144.          187.          262.          417.  
2024      285        18       25               49.           54.           61.           69.           80.           94.          114.          142.          185.          260.          415.  
2024      285        18       30               51.           57.           64.           72.           83.           98.          117.          145.          188.          263.          418.  
2024      285        18       35               51.           57.           64.           72.           83.           97.          117.          145.          188.          262.          417.  
2024      285        18       40               51.           57.           64.           72.           83.           97.          117.          145.          188.          262.          417.  
2024      285        18       40               51.           57.           64.           72.           83.           97.          117.          145.          188.          262.          417.  
